sm07.ranking.projektor.php?no=1 | 107
sm07.showgame.projektor.php?id=A | 20
sm07.showgame.projektor.php?id=B | 20
sm07.showgame.projektor.php?id=C | 20
sm07.ranking.projektor.php?no=2 | 107
sm07.showgame.projektor.php?id=D | 20
sm07.showgame.projektor.php?id=E | 20
sm07.showgame.projektor.php?id=F | 20
sm07.ranking.projektor.php?no=3 | 107
sm07.showgame.projektor.php?id=G | 20
sm07.showgame.projektor.php?id=H | 20
sm07.showgame.projektor.php?id=J | 20
sm07.ranking.projektor.php?no=4 | 107
sm07.showgame.projektor.php?id=K | 20
sm07.showgame.projektor.php?id=L | 20
sm07.showgame.projektor.php?id=M | 20
sm07.ranking.projektor.php?no=5 | 107
sm07.showgame.projektor.php?id=O | 20
sm07.showgame.projektor.php?id=P | 20
sm07.showgame.projektor.php?id=R | 20
sm07.ranking.projektor.php?no=6 | 107
sm07.showgame.projektor.php?id=S | 20
sm07.showgame.projektor.php?id=T | 20
sm07.showgame.projektor.php?id=U | 20
sm07.ranking.projektor.php?no=7 | 107
sm07.showgame.projektor.php?id=V | 20
sm07.showgame.projektor.php?id=X | 20
